>>> [Mon Jan 13 01:10:03 GMT 2025] Starting Docker build script...
>>> Building Docker image...
#0 building with "default" instance using docker driver

#1 [internal] load build definition from Dockerfile
#1 transferring dockerfile: 2B done
#1 DONE 0.0s
ERROR: failed to solve: failed to read dockerfile: open Dockerfile: no such file or directory
>>> Logging in to Docker Hub...
Error response from daemon: Get "https://registry-1.docker.io/v2/": unauthorized: incorrect username or password
>>> [Mon Jan 13 01:10:05 GMT 2025] Starting Docker build script...
>>> Building Docker image...
#0 building with "default" instance using docker driver

#1 [internal] load build definition from Dockerfile
#1 transferring dockerfile: 2B done
#1 DONE 0.0s
ERROR: failed to solve: failed to read dockerfile: open Dockerfile: no such file or directory
>>> Logging in to Docker Hub...
Login Succeeded
>>> tagging the new image...
"docker tag" requires exactly 2 arguments.
See 'docker tag --help'.

Usage:  docker tag SOURCE_IMAGE[:TAG] TARGET_IMAGE[:TAG]

Create a tag TARGET_IMAGE that refers to SOURCE_IMAGE
>>> Pushing Docker image to Docker Hub...
The push refers to repository [docker.io/marsive/waso_image]
tag does not exist: marsive/waso_image:4.2
>>> [Mon Jan 13 01:10:08 GMT 2025] Build-and-push process complete.mage to Docker Hub
>>> Pushing Docker image to Docker Hub...
The push refers to repository [docker.io/marsive/waso_image]
tag does not exist: marsive/waso_image:4.2
>>> [Mon Jan 13 01:10:08 GMT 2025] Build-and-push process complete.
>>> [Mon Jan 13 01:20:03 GMT 2025] Starting Docker build script...
>>> Building Docker image...
#0 building with "default" instance using docker driver

#1 [internal] load build definition from Dockerfile
#1 transferring dockerfile: 2B done
#1 DONE 0.0s
ERROR: failed to solve: failed to read dockerfile: open Dockerfile: no such file or directory
>>> Logging in to Docker Hub...
Error response from daemon: Get "https://registry-1.docker.io/v2/": unauthorized: incorrect username or password
>>> [Mon Jan 13 01:20:04 GMT 2025] Starting Docker build script...
>>> Building Docker image...
#0 building with "default" instance using docker driver

#1 [internal] load build definition from Dockerfile
#1 transferring dockerfile: 2B done
#1 DONE 0.0s
ERROR: failed to solve: failed to read dockerfile: open Dockerfile: no such file or directory
>>> Logging in to Docker Hub...
Login Succeeded
>>> tagging the new image...
"docker tag" requires exactly 2 arguments.
See 'docker tag --help'.

Usage:  docker tag SOURCE_IMAGE[:TAG] TARGET_IMAGE[:TAG]

Create a tag TARGET_IMAGE that refers to SOURCE_IMAGE
>>> Pushing Docker image to Docker Hub...
The push refers to repository [docker.io/marsive/waso_image]
tag does not exist: marsive/waso_image:4.2
>>> [Mon Jan 13 01:20:07 GMT 2025] Build-and-push process complete.mage to Docker Hub
>>> Pushing Docker image to Docker Hub...
The push refers to repository [docker.io/marsive/waso_image]
tag does not exist: marsive/waso_image:4.2
>>> [Mon Jan 13 01:20:07 GMT 2025] Build-and-push process complete.
>>> [Mon Jan 13 01:45:03 GMT 2025] Starting Docker build script...
>>> Building Docker image...
#0 building with "default" instance using docker driver

#1 [internal] load build definition from Dockerfile
#1 transferring dockerfile: 2B done
#1 DONE 0.0s
ERROR: failed to solve: failed to read dockerfile: open Dockerfile: no such file or directory
>>> Logging in to Docker Hub...
Login Succeeded
>>> Pushing Docker image to Docker Hub...
The push refers to repository [docker.io/marsive/waso_images]
tag does not exist: marsive/waso_images:4.3
>>> [Mon Jan 13 01:45:05 GMT 2025] Build-and-push process complete.mage to Docker Hub
>>> Pushing Docker image to Docker Hub...
The push refers to repository [docker.io/marsive/waso_images]
tag does not exist: marsive/waso_images:4.3
>>> [Mon Jan 13 01:45:05 GMT 2025] Build-and-push process complete.
>>> [Mon Jan 13 02:00:03 GMT 2025] Starting Docker build script...
>>> Building Docker image...
#0 building with "default" instance using docker driver

#1 [internal] load build definition from Dockerfile
#1 transferring dockerfile: 170B 0.0s done
#1 DONE 0.1s

#2 [internal] load metadata for docker.io/library/nginx:latest
#2 ...

#3 [auth] library/nginx:pull token for registry-1.docker.io
#3 DONE 0.0s

#2 [internal] load metadata for docker.io/library/nginx:latest
#2 DONE 1.6s

#4 [internal] load .dockerignore
#4 transferring context: 2B done
#4 DONE 0.0s

#5 [1/3] FROM docker.io/library/nginx:latest@sha256:42e917aaa1b5bb40dd0f6f7f4f857490ac7747d7ef73b391c774a41a8b994f15
#5 resolve docker.io/library/nginx:latest@sha256:42e917aaa1b5bb40dd0f6f7f4f857490ac7747d7ef73b391c774a41a8b994f15 0.1s done
#5 DONE 0.1s

#6 [internal] load build context
#6 transferring context: 2.49MB 0.1s done
#6 DONE 0.1s

#5 [1/3] FROM docker.io/library/nginx:latest@sha256:42e917aaa1b5bb40dd0f6f7f4f857490ac7747d7ef73b391c774a41a8b994f15
#5 DONE 0.3s

#5 [1/3] FROM docker.io/library/nginx:latest@sha256:42e917aaa1b5bb40dd0f6f7f4f857490ac7747d7ef73b391c774a41a8b994f15
#5 sha256:c44f27309ea1a5e557aff07fbd5ece457d5cb85583f795b34f342d5550a08a5c 1.40kB / 1.40kB 0.1s done
#5 sha256:da8cc133ff821c8b0ac7a6667e3a2e70ee6eb04f850e38088f59720017a869db 1.21kB / 1.21kB 0.2s done
#5 sha256:1e109dd2a0d75eb2ab2491daec5b300e99027ffdd528998612b693f3347b97e4 0B / 405B 0.2s
#5 sha256:bd98674871f548eff8a4e4f3d4aa1ba504320ccbabfb0a217c4ea5c23b6144fd 0B / 957B 0.2s
#5 sha256:1e109dd2a0d75eb2ab2491daec5b300e99027ffdd528998612b693f3347b97e4 405B / 405B 0.3s done
#5 sha256:bd98674871f548eff8a4e4f3d4aa1ba504320ccbabfb0a217c4ea5c23b6144fd 957B / 957B 0.3s done
#5 sha256:2b99b9c5d9e5679c839357944d083c55c4c045e2cae21f84dfcfe5841e2ea59b 0B / 627B 0.2s
#5 sha256:2b99b9c5d9e5679c839357944d083c55c4c045e2cae21f84dfcfe5841e2ea59b 627B / 627B 0.2s done
#5 sha256:566e42bcee1cd697dcab6098c082789af33bc8cbcbaa95c8adbad87283c85c75 0B / 43.84MB 0.2s
#5 sha256:fd674058ff8f8cfa7fb8a20c006fc0128541cbbad7f7f7f28df570d08f9e4d92 0B / 28.23MB 0.2s
#5 sha256:566e42bcee1cd697dcab6098c082789af33bc8cbcbaa95c8adbad87283c85c75 3.15MB / 43.84MB 0.9s
#5 sha256:fd674058ff8f8cfa7fb8a20c006fc0128541cbbad7f7f7f28df570d08f9e4d92 2.10MB / 28.23MB 1.2s
#5 sha256:566e42bcee1cd697dcab6098c082789af33bc8cbcbaa95c8adbad87283c85c75 6.29MB / 43.84MB 1.5s
#5 sha256:fd674058ff8f8cfa7fb8a20c006fc0128541cbbad7f7f7f28df570d08f9e4d92 4.19MB / 28.23MB 1.8s
#5 sha256:566e42bcee1cd697dcab6098c082789af33bc8cbcbaa95c8adbad87283c85c75 9.44MB / 43.84MB 2.1s
#5 sha256:fd674058ff8f8cfa7fb8a20c006fc0128541cbbad7f7f7f28df570d08f9e4d92 6.29MB / 28.23MB 2.4s
#5 sha256:fd674058ff8f8cfa7fb8a20c006fc0128541cbbad7f7f7f28df570d08f9e4d92 8.39MB / 28.23MB 2.9s
#5 sha256:566e42bcee1cd697dcab6098c082789af33bc8cbcbaa95c8adbad87283c85c75 12.58MB / 43.84MB 3.0s
#5 sha256:fd674058ff8f8cfa7fb8a20c006fc0128541cbbad7f7f7f28df570d08f9e4d92 10.49MB / 28.23MB 3.3s
#5 sha256:fd674058ff8f8cfa7fb8a20c006fc0128541cbbad7f7f7f28df570d08f9e4d92 12.58MB / 28.23MB 3.8s
#5 sha256:566e42bcee1cd697dcab6098c082789af33bc8cbcbaa95c8adbad87283c85c75 15.73MB / 43.84MB 3.9s
#5 sha256:fd674058ff8f8cfa7fb8a20c006fc0128541cbbad7f7f7f28df570d08f9e4d92 14.68MB / 28.23MB 4.2s
#5 sha256:fd674058ff8f8cfa7fb8a20c006fc0128541cbbad7f7f7f28df570d08f9e4d92 16.78MB / 28.23MB 4.7s
#5 sha256:566e42bcee1cd697dcab6098c082789af33bc8cbcbaa95c8adbad87283c85c75 18.87MB / 43.84MB 5.0s
#5 sha256:fd674058ff8f8cfa7fb8a20c006fc0128541cbbad7f7f7f28df570d08f9e4d92 18.87MB / 28.23MB 5.1s
#5 sha256:fd674058ff8f8cfa7fb8a20c006fc0128541cbbad7f7f7f28df570d08f9e4d92 20.97MB / 28.23MB 5.4s
#5 sha256:fd674058ff8f8cfa7fb8a20c006fc0128541cbbad7f7f7f28df570d08f9e4d92 23.07MB / 28.23MB 5.9s
#5 sha256:566e42bcee1cd697dcab6098c082789af33bc8cbcbaa95c8adbad87283c85c75 22.02MB / 43.84MB 6.2s
#5 sha256:fd674058ff8f8cfa7fb8a20c006fc0128541cbbad7f7f7f28df570d08f9e4d92 25.17MB / 28.23MB 6.5s
#5 sha256:fd674058ff8f8cfa7fb8a20c006fc0128541cbbad7f7f7f28df570d08f9e4d92 27.26MB / 28.23MB 6.9s
#5 sha256:fd674058ff8f8cfa7fb8a20c006fc0128541cbbad7f7f7f28df570d08f9e4d92 28.23MB / 28.23MB 7.0s done
#5 extracting sha256:fd674058ff8f8cfa7fb8a20c006fc0128541cbbad7f7f7f28df570d08f9e4d92
#5 sha256:566e42bcee1cd697dcab6098c082789af33bc8cbcbaa95c8adbad87283c85c75 25.17MB / 43.84MB 7.5s
#5 sha256:566e42bcee1cd697dcab6098c082789af33bc8cbcbaa95c8adbad87283c85c75 28.31MB / 43.84MB 7.8s
#5 sha256:566e42bcee1cd697dcab6098c082789af33bc8cbcbaa95c8adbad87283c85c75 31.46MB / 43.84MB 8.3s
#5 sha256:566e42bcee1cd697dcab6098c082789af33bc8cbcbaa95c8adbad87283c85c75 34.60MB / 43.84MB 8.7s
#5 sha256:566e42bcee1cd697dcab6098c082789af33bc8cbcbaa95c8adbad87283c85c75 37.75MB / 43.84MB 9.0s
#5 sha256:566e42bcee1cd697dcab6098c082789af33bc8cbcbaa95c8adbad87283c85c75 40.89MB / 43.84MB 9.5s
#5 sha256:566e42bcee1cd697dcab6098c082789af33bc8cbcbaa95c8adbad87283c85c75 43.84MB / 43.84MB 9.9s
#5 sha256:566e42bcee1cd697dcab6098c082789af33bc8cbcbaa95c8adbad87283c85c75 43.84MB / 43.84MB 9.9s done
#5 extracting sha256:fd674058ff8f8cfa7fb8a20c006fc0128541cbbad7f7f7f28df570d08f9e4d92 3.6s done
#5 DONE 11.2s

#5 [1/3] FROM docker.io/library/nginx:latest@sha256:42e917aaa1b5bb40dd0f6f7f4f857490ac7747d7ef73b391c774a41a8b994f15
#5 extracting sha256:566e42bcee1cd697dcab6098c082789af33bc8cbcbaa95c8adbad87283c85c75
#5 extracting sha256:566e42bcee1cd697dcab6098c082789af33bc8cbcbaa95c8adbad87283c85c75 2.1s done
#5 DONE 13.3s

#5 [1/3] FROM docker.io/library/nginx:latest@sha256:42e917aaa1b5bb40dd0f6f7f4f857490ac7747d7ef73b391c774a41a8b994f15
#5 extracting sha256:2b99b9c5d9e5679c839357944d083c55c4c045e2cae21f84dfcfe5841e2ea59b 0.0s done
#5 extracting sha256:bd98674871f548eff8a4e4f3d4aa1ba504320ccbabfb0a217c4ea5c23b6144fd 0.0s done
#5 extracting sha256:1e109dd2a0d75eb2ab2491daec5b300e99027ffdd528998612b693f3347b97e4 0.0s done
#5 extracting sha256:da8cc133ff821c8b0ac7a6667e3a2e70ee6eb04f850e38088f59720017a869db 0.0s done
#5 extracting sha256:c44f27309ea1a5e557aff07fbd5ece457d5cb85583f795b34f342d5550a08a5c 0.0s done
#5 DONE 13.4s

#7 [2/3] RUN rm -rf /usr/share/nginx/html/*
#7 DONE 1.9s

#8 [3/3] COPY . /usr/share/nginx/html
#8 DONE 0.2s

#9 exporting to image
#9 exporting layers
#9 exporting layers 0.5s done
#9 exporting manifest sha256:0ef90412d3b6000ec5ffc49cfe59363a4c84534e8b8e0f2b9be7dca5a51c70db 0.0s done
#9 exporting config sha256:591866218ef9fca6a2d4d9fea5e24e883b1fe27b58919896f040ea9d98b6c4ee 0.0s done
#9 exporting attestation manifest sha256:9d7e55e866d294f96f57e6a896424d55819aab46ba7f3b2b6e95a6a1db3e48ec 0.0s done
#9 exporting manifest list sha256:9c635acd6282d965864f1ac82cd7741fb7dfbfac2bb03c072c4c4956d6a2cbb2
#9 exporting manifest list sha256:9c635acd6282d965864f1ac82cd7741fb7dfbfac2bb03c072c4c4956d6a2cbb2 0.0s done
#9 naming to docker.io/marsive/waso_images:4.4 done
#9 unpacking to docker.io/marsive/waso_images:4.4 0.1s done
#9 DONE 0.8s
>>> Logging in to Docker Hub...
Login Succeeded
>>> Pushing Docker image to Docker Hub...
The push refers to repository [docker.io/marsive/waso_images]
c800f0ccda61: Waiting
c44f27309ea1: Waiting
bd98674871f5: Waiting
566e42bcee1c: Waiting
bfe9c759cf2e: Waiting
fd674058ff8f: Waiting
1e109dd2a0d7: Waiting
da8cc133ff82: Waiting
2b99b9c5d9e5: Waiting
49de661f67e5: Waiting
c44f27309ea1: Waiting
bd98674871f5: Waiting
566e42bcee1c: Waiting
c800f0ccda61: Waiting
fd674058ff8f: Waiting
1e109dd2a0d7: Waiting
da8cc133ff82: Waiting
2b99b9c5d9e5: Waiting
49de661f67e5: Waiting
bfe9c759cf2e: Waiting
566e42bcee1c: Waiting
c800f0ccda61: Waiting
c44f27309ea1: Waiting
bd98674871f5: Waiting
da8cc133ff82: Waiting
2b99b9c5d9e5: Waiting
49de661f67e5: Waiting
bfe9c759cf2e: Waiting
fd674058ff8f: Waiting
1e109dd2a0d7: Waiting
bfe9c759cf2e: Waiting
fd674058ff8f: Waiting
1e109dd2a0d7: Waiting
da8cc133ff82: Waiting
2b99b9c5d9e5: Waiting
49de661f67e5: Waiting
c800f0ccda61: Waiting
c44f27309ea1: Waiting
bd98674871f5: Waiting
566e42bcee1c: Waiting
bfe9c759cf2e: Waiting
fd674058ff8f: Waiting
1e109dd2a0d7: Waiting
da8cc133ff82: Waiting
2b99b9c5d9e5: Waiting
49de661f67e5: Waiting
c800f0ccda61: Waiting
c44f27309ea1: Waiting
bd98674871f5: Waiting
566e42bcee1c: Waiting
2b99b9c5d9e5: Waiting
49de661f67e5: Waiting
bfe9c759cf2e: Waiting
fd674058ff8f: Waiting
1e109dd2a0d7: Waiting
da8cc133ff82: Waiting
c800f0ccda61: Waiting
c44f27309ea1: Waiting
bd98674871f5: Waiting
566e42bcee1c: Waiting
c800f0ccda61: Waiting
c44f27309ea1: Waiting
bd98674871f5: Waiting
566e42bcee1c: Waiting
bfe9c759cf2e: Waiting
fd674058ff8f: Waiting
1e109dd2a0d7: Waiting
da8cc133ff82: Waiting
2b99b9c5d9e5: Waiting
49de661f67e5: Waiting
1e109dd2a0d7: Waiting
da8cc133ff82: Waiting
2b99b9c5d9e5: Waiting
49de661f67e5: Waiting
bfe9c759cf2e: Waiting
fd674058ff8f: Waiting
bd98674871f5: Layer already exists
566e42bcee1c: Waiting
c800f0ccda61: Waiting
c44f27309ea1: Waiting
c800f0ccda61: Waiting
c44f27309ea1: Layer already exists
566e42bcee1c: Waiting
bfe9c759cf2e: Waiting
fd674058ff8f: Layer already exists
1e109dd2a0d7: Layer already exists
da8cc133ff82: Waiting
2b99b9c5d9e5: Layer already exists
49de661f67e5: Waiting
da8cc133ff82: Layer already exists
49de661f67e5: Waiting
566e42bcee1c: Layer already exists
49de661f67e5: Waiting
bfe9c759cf2e: Pushed
49de661f67e5: Pushed
c800f0ccda61: Pushed
4.4: digest: sha256:9c635acd6282d965864f1ac82cd7741fb7dfbfac2bb03c072c4c4956d6a2cbb2 size: 856
>>> [Mon Jan 13 02:00:29 GMT 2025] Build-and-push process complete.mage to Docker Hub
>>> Pushing Docker image to Docker Hub...
The push refers to repository [docker.io/marsive/waso_images]
49de661f67e5: Waiting
fd674058ff8f: Waiting
bfe9c759cf2e: Waiting
c800f0ccda61: Waiting
bd98674871f5: Waiting
c44f27309ea1: Waiting
1e109dd2a0d7: Waiting
da8cc133ff82: Waiting
2b99b9c5d9e5: Waiting
566e42bcee1c: Waiting
bfe9c759cf2e: Waiting
c800f0ccda61: Waiting
bd98674871f5: Waiting
c44f27309ea1: Waiting
1e109dd2a0d7: Waiting
49de661f67e5: Waiting
fd674058ff8f: Waiting
da8cc133ff82: Waiting
2b99b9c5d9e5: Waiting
566e42bcee1c: Waiting
da8cc133ff82: Waiting
2b99b9c5d9e5: Waiting
566e42bcee1c: Waiting
bfe9c759cf2e: Waiting
c800f0ccda61: Waiting
bd98674871f5: Waiting
c44f27309ea1: Waiting
1e109dd2a0d7: Waiting
49de661f67e5: Waiting
fd674058ff8f: Waiting
2b99b9c5d9e5: Waiting
566e42bcee1c: Waiting
da8cc133ff82: Waiting
c800f0ccda61: Waiting
bd98674871f5: Waiting
c44f27309ea1: Waiting
1e109dd2a0d7: Waiting
49de661f67e5: Waiting
fd674058ff8f: Waiting
bfe9c759cf2e: Waiting
49de661f67e5: Waiting
fd674058ff8f: Waiting
bfe9c759cf2e: Waiting
c800f0ccda61: Waiting
bd98674871f5: Waiting
c44f27309ea1: Waiting
1e109dd2a0d7: Waiting
da8cc133ff82: Waiting
2b99b9c5d9e5: Waiting
566e42bcee1c: Waiting
566e42bcee1c: Waiting
da8cc133ff82: Waiting
2b99b9c5d9e5: Waiting
bd98674871f5: Waiting
c44f27309ea1: Waiting
1e109dd2a0d7: Waiting
49de661f67e5: Waiting
fd674058ff8f: Waiting
bfe9c759cf2e: Waiting
c800f0ccda61: Waiting
bfe9c759cf2e: Waiting
c800f0ccda61: Waiting
bd98674871f5: Layer already exists
c44f27309ea1: Layer already exists
1e109dd2a0d7: Layer already exists
49de661f67e5: Waiting
fd674058ff8f: Waiting
da8cc133ff82: Layer already exists
2b99b9c5d9e5: Layer already exists
566e42bcee1c: Waiting
566e42bcee1c: Layer already exists
fd674058ff8f: Layer already exists
bfe9c759cf2e: Already exists
c800f0ccda61: Waiting
49de661f67e5: Waiting
49de661f67e5: Waiting
c800f0ccda61: Layer already exists
49de661f67e5: Layer already exists
4.4: digest: sha256:9c635acd6282d965864f1ac82cd7741fb7dfbfac2bb03c072c4c4956d6a2cbb2 size: 856
>>> [Mon Jan 13 02:00:33 GMT 2025] Build-and-push process complete.
>>> [Mon Jan 13 09:00:04 GMT 2025] Starting Docker build script...
>>> Building Docker image...
#0 building with "default" instance using docker driver

#1 [internal] load build definition from Dockerfile
#1 transferring dockerfile:
#1 transferring dockerfile: 170B 0.0s done
#1 DONE 0.1s

#2 [internal] load metadata for docker.io/library/nginx:latest
#2 ...

#3 [auth] library/nginx:pull token for registry-1.docker.io
#3 DONE 0.0s

#2 [internal] load metadata for docker.io/library/nginx:latest
#2 DONE 2.8s

#4 [internal] load .dockerignore
#4 transferring context: 2B done
#4 DONE 0.0s

#5 [internal] load build context
#5 transferring context: 2.50MB 0.1s done
#5 DONE 0.2s

#6 [1/3] FROM docker.io/library/nginx:latest@sha256:42e917aaa1b5bb40dd0f6f7f4f857490ac7747d7ef73b391c774a41a8b994f15
#6 resolve docker.io/library/nginx:latest@sha256:42e917aaa1b5bb40dd0f6f7f4f857490ac7747d7ef73b391c774a41a8b994f15 0.1s done
#6 sha256:c44f27309ea1a5e557aff07fbd5ece457d5cb85583f795b34f342d5550a08a5c 0B / 1.40kB 0.2s
#6 sha256:c44f27309ea1a5e557aff07fbd5ece457d5cb85583f795b34f342d5550a08a5c 1.40kB / 1.40kB 0.2s done
#6 sha256:1e109dd2a0d75eb2ab2491daec5b300e99027ffdd528998612b693f3347b97e4 0B / 405B 0.2s
#6 sha256:2b99b9c5d9e5679c839357944d083c55c4c045e2cae21f84dfcfe5841e2ea59b 0B / 627B 0.2s
#6 sha256:bd98674871f548eff8a4e4f3d4aa1ba504320ccbabfb0a217c4ea5c23b6144fd 0B / 957B 0.2s
#6 sha256:1e109dd2a0d75eb2ab2491daec5b300e99027ffdd528998612b693f3347b97e4 405B / 405B 0.3s done
#6 sha256:2b99b9c5d9e5679c839357944d083c55c4c045e2cae21f84dfcfe5841e2ea59b 627B / 627B 0.3s done
#6 sha256:bd98674871f548eff8a4e4f3d4aa1ba504320ccbabfb0a217c4ea5c23b6144fd 957B / 957B 0.3s done
#6 sha256:566e42bcee1cd697dcab6098c082789af33bc8cbcbaa95c8adbad87283c85c75 0B / 43.84MB 0.2s
#6 sha256:fd674058ff8f8cfa7fb8a20c006fc0128541cbbad7f7f7f28df570d08f9e4d92 0B / 28.23MB 0.2s
#6 sha256:566e42bcee1cd697dcab6098c082789af33bc8cbcbaa95c8adbad87283c85c75 3.15MB / 43.84MB 0.9s
#6 sha256:566e42bcee1cd697dcab6098c082789af33bc8cbcbaa95c8adbad87283c85c75 6.29MB / 43.84MB 1.7s
#6 sha256:fd674058ff8f8cfa7fb8a20c006fc0128541cbbad7f7f7f28df570d08f9e4d92 2.10MB / 28.23MB 1.7s
#6 sha256:566e42bcee1cd697dcab6098c082789af33bc8cbcbaa95c8adbad87283c85c75 9.44MB / 43.84MB 2.9s
#6 sha256:fd674058ff8f8cfa7fb8a20c006fc0128541cbbad7f7f7f28df570d08f9e4d92 4.19MB / 28.23MB 2.9s
#6 sha256:fd674058ff8f8cfa7fb8a20c006fc0128541cbbad7f7f7f28df570d08f9e4d92 6.29MB / 28.23MB 3.3s
#6 sha256:566e42bcee1cd697dcab6098c082789af33bc8cbcbaa95c8adbad87283c85c75 12.58MB / 43.84MB 3.5s
#6 sha256:fd674058ff8f8cfa7fb8a20c006fc0128541cbbad7f7f7f28df570d08f9e4d92 8.39MB / 28.23MB 3.9s
#6 sha256:fd674058ff8f8cfa7fb8a20c006fc0128541cbbad7f7f7f28df570d08f9e4d92 10.49MB / 28.23MB 4.5s
#6 sha256:566e42bcee1cd697dcab6098c082789af33bc8cbcbaa95c8adbad87283c85c75 15.73MB / 43.84MB 4.8s
#6 sha256:fd674058ff8f8cfa7fb8a20c006fc0128541cbbad7f7f7f28df570d08f9e4d92 12.58MB / 28.23MB 5.0s
#6 sha256:fd674058ff8f8cfa7fb8a20c006fc0128541cbbad7f7f7f28df570d08f9e4d92 14.68MB / 28.23MB 5.6s
#6 sha256:566e42bcee1cd697dcab6098c082789af33bc8cbcbaa95c8adbad87283c85c75 18.10MB / 43.84MB 5.7s
#6 sha256:fd674058ff8f8cfa7fb8a20c006fc0128541cbbad7f7f7f28df570d08f9e4d92 16.78MB / 28.23MB 6.0s
#6 sha256:566e42bcee1cd697dcab6098c082789af33bc8cbcbaa95c8adbad87283c85c75 20.97MB / 43.84MB 6.3s
#6 sha256:fd674058ff8f8cfa7fb8a20c006fc0128541cbbad7f7f7f28df570d08f9e4d92 18.87MB / 28.23MB 6.6s
#6 sha256:566e42bcee1cd697dcab6098c082789af33bc8cbcbaa95c8adbad87283c85c75 24.12MB / 43.84MB 7.2s
#6 sha256:fd674058ff8f8cfa7fb8a20c006fc0128541cbbad7f7f7f28df570d08f9e4d92 20.97MB / 28.23MB 7.4s
#6 sha256:fd674058ff8f8cfa7fb8a20c006fc0128541cbbad7f7f7f28df570d08f9e4d92 23.07MB / 28.23MB 8.0s
#6 sha256:566e42bcee1cd697dcab6098c082789af33bc8cbcbaa95c8adbad87283c85c75 27.26MB / 43.84MB 8.1s
#6 sha256:fd674058ff8f8cfa7fb8a20c006fc0128541cbbad7f7f7f28df570d08f9e4d92 25.17MB / 28.23MB 8.6s
#6 sha256:566e42bcee1cd697dcab6098c082789af33bc8cbcbaa95c8adbad87283c85c75 30.41MB / 43.84MB 8.9s
#6 sha256:fd674058ff8f8cfa7fb8a20c006fc0128541cbbad7f7f7f28df570d08f9e4d92 27.26MB / 28.23MB 9.2s
#6 sha256:566e42bcee1cd697dcab6098c082789af33bc8cbcbaa95c8adbad87283c85c75 33.55MB / 43.84MB 9.8s
#6 sha256:fd674058ff8f8cfa7fb8a20c006fc0128541cbbad7f7f7f28df570d08f9e4d92 28.23MB / 28.23MB 9.5s done
#6 extracting sha256:fd674058ff8f8cfa7fb8a20c006fc0128541cbbad7f7f7f28df570d08f9e4d92
#6 sha256:566e42bcee1cd697dcab6098c082789af33bc8cbcbaa95c8adbad87283c85c75 36.70MB / 43.84MB 10.4s
#6 sha256:566e42bcee1cd697dcab6098c082789af33bc8cbcbaa95c8adbad87283c85c75 39.85MB / 43.84MB 10.7s
#6 sha256:566e42bcee1cd697dcab6098c082789af33bc8cbcbaa95c8adbad87283c85c75 42.99MB / 43.84MB 11.1s
#6 sha256:566e42bcee1cd697dcab6098c082789af33bc8cbcbaa95c8adbad87283c85c75 43.84MB / 43.84MB 11.2s done
#6 extracting sha256:fd674058ff8f8cfa7fb8a20c006fc0128541cbbad7f7f7f28df570d08f9e4d92 3.0s done
#6 DONE 13.2s

#6 [1/3] FROM docker.io/library/nginx:latest@sha256:42e917aaa1b5bb40dd0f6f7f4f857490ac7747d7ef73b391c774a41a8b994f15
#6 extracting sha256:566e42bcee1cd697dcab6098c082789af33bc8cbcbaa95c8adbad87283c85c75
#6 extracting sha256:566e42bcee1cd697dcab6098c082789af33bc8cbcbaa95c8adbad87283c85c75 3.6s done
#6 DONE 16.8s

#6 [1/3] FROM docker.io/library/nginx:latest@sha256:42e917aaa1b5bb40dd0f6f7f4f857490ac7747d7ef73b391c774a41a8b994f15
#6 extracting sha256:2b99b9c5d9e5679c839357944d083c55c4c045e2cae21f84dfcfe5841e2ea59b 0.0s done
#6 extracting sha256:bd98674871f548eff8a4e4f3d4aa1ba504320ccbabfb0a217c4ea5c23b6144fd 0.0s done
#6 extracting sha256:1e109dd2a0d75eb2ab2491daec5b300e99027ffdd528998612b693f3347b97e4 0.0s done
#6 extracting sha256:da8cc133ff821c8b0ac7a6667e3a2e70ee6eb04f850e38088f59720017a869db 0.0s done
#6 extracting sha256:c44f27309ea1a5e557aff07fbd5ece457d5cb85583f795b34f342d5550a08a5c 0.0s done
#6 DONE 16.9s

#7 [2/3] RUN rm -rf /usr/share/nginx/html/*
#7 DONE 1.3s

#8 [3/3] COPY . /usr/share/nginx/html
#8 DONE 0.1s

#9 exporting to image
#9 exporting layers
#9 exporting layers 0.3s done
#9 exporting manifest sha256:1589b35b678e1aa075777aa73191231c1eeb918240a18afe01f58a1ec90a527d 0.0s done
#9 exporting config sha256:1f9a229eb9c7732247945fb3e8f597dfd2c31381de9b59ed16651ea6528bc36e 0.0s done
#9 exporting attestation manifest sha256:5efa5e1562d8439d4f244770ed3042f32d28403e92f4e41c360a66f421ed2c29 0.0s done
#9 exporting manifest list sha256:2404c043a6b3f39b1e840e414be4616e9f49a8298aa0ab5acd44321c4e0fc277 0.0s done
#9 naming to docker.io/marsive/waso_img:1.0 done
#9 unpacking to docker.io/marsive/waso_img:1.0 0.1s done
#9 DONE 0.6s
>>> Logging in to Docker Hub...
Login Succeeded
>>> Pushing Docker image to Docker Hub...
The push refers to repository [docker.io/marsive/waso_img]
c4435314ab2c: Waiting
bd98674871f5: Waiting
566e42bcee1c: Waiting
2b99b9c5d9e5: Waiting
fd674058ff8f: Waiting
e73257427ed5: Waiting
da8cc133ff82: Waiting
c44f27309ea1: Waiting
1e109dd2a0d7: Waiting
cc00c758cd16: Waiting
e73257427ed5: Waiting
da8cc133ff82: Waiting
c44f27309ea1: Waiting
1e109dd2a0d7: Waiting
cc00c758cd16: Waiting
c4435314ab2c: Waiting
bd98674871f5: Waiting
566e42bcee1c: Waiting
2b99b9c5d9e5: Waiting
fd674058ff8f: Waiting
566e42bcee1c: Waiting
2b99b9c5d9e5: Waiting
fd674058ff8f: Waiting
c4435314ab2c: Waiting
bd98674871f5: Waiting
c44f27309ea1: Waiting
1e109dd2a0d7: Waiting
cc00c758cd16: Waiting
e73257427ed5: Waiting
da8cc133ff82: Waiting
c4435314ab2c: Waiting
bd98674871f5: Waiting
566e42bcee1c: Waiting
2b99b9c5d9e5: Waiting
fd674058ff8f: Waiting
e73257427ed5: Waiting
da8cc133ff82: Waiting
c44f27309ea1: Waiting
1e109dd2a0d7: Waiting
cc00c758cd16: Waiting
cc00c758cd16: Waiting
e73257427ed5: Waiting
da8cc133ff82: Waiting
c44f27309ea1: Waiting
1e109dd2a0d7: Waiting
fd674058ff8f: Waiting
c4435314ab2c: Waiting
bd98674871f5: Waiting
566e42bcee1c: Waiting
2b99b9c5d9e5: Waiting
566e42bcee1c: Waiting
2b99b9c5d9e5: Waiting
fd674058ff8f: Waiting
c4435314ab2c: Waiting
bd98674871f5: Waiting
c44f27309ea1: Waiting
1e109dd2a0d7: Waiting
cc00c758cd16: Waiting
e73257427ed5: Waiting
da8cc133ff82: Waiting
e73257427ed5: Waiting
da8cc133ff82: Waiting
c44f27309ea1: Waiting
1e109dd2a0d7: Waiting
cc00c758cd16: Waiting
c4435314ab2c: Waiting
bd98674871f5: Waiting
566e42bcee1c: Waiting
2b99b9c5d9e5: Waiting
fd674058ff8f: Waiting
e73257427ed5: Waiting
da8cc133ff82: Waiting
c44f27309ea1: Waiting
1e109dd2a0d7: Waiting
cc00c758cd16: Waiting
c4435314ab2c: Waiting
bd98674871f5: Waiting
566e42bcee1c: Waiting
2b99b9c5d9e5: Waiting
fd674058ff8f: Waiting
e73257427ed5: Waiting
da8cc133ff82: Waiting
c44f27309ea1: Waiting
1e109dd2a0d7: Waiting
cc00c758cd16: Waiting
c4435314ab2c: Waiting
bd98674871f5: Waiting
566e42bcee1c: Waiting
2b99b9c5d9e5: Waiting
fd674058ff8f: Waiting
da8cc133ff82: Waiting
c44f27309ea1: Waiting
1e109dd2a0d7: Waiting
fd674058ff8f: Waiting
566e42bcee1c: Waiting
bd98674871f5: Pushed
da8cc133ff82: Pushed
c44f27309ea1: Pushed
cc00c758cd16: Pushed
2b99b9c5d9e5: Pushed
c4435314ab2c: Pushed
1e109dd2a0d7: Pushed
fd674058ff8f: Pushed
e73257427ed5: Pushed
566e42bcee1c: Pushed
1.0: digest: sha256:2404c043a6b3f39b1e840e414be4616e9f49a8298aa0ab5acd44321c4e0fc277 size: 856
>>> [Mon Jan 13 09:01:08 GMT 2025] Build-and-push process complete.mage to Docker Hub
>>> Pushing Docker image to Docker Hub...
The push refers to repository [docker.io/marsive/waso_img]
cc00c758cd16: Waiting
da8cc133ff82: Waiting
c4435314ab2c: Waiting
2b99b9c5d9e5: Waiting
bd98674871f5: Waiting
c44f27309ea1: Waiting
566e42bcee1c: Waiting
e73257427ed5: Waiting
fd674058ff8f: Waiting
1e109dd2a0d7: Waiting
c44f27309ea1: Waiting
566e42bcee1c: Waiting
e73257427ed5: Waiting
fd674058ff8f: Waiting
1e109dd2a0d7: Waiting
cc00c758cd16: Waiting
da8cc133ff82: Waiting
c4435314ab2c: Waiting
2b99b9c5d9e5: Waiting
bd98674871f5: Waiting
e73257427ed5: Waiting
fd674058ff8f: Waiting
1e109dd2a0d7: Waiting
c44f27309ea1: Waiting
566e42bcee1c: Waiting
c4435314ab2c: Waiting
2b99b9c5d9e5: Waiting
bd98674871f5: Waiting
cc00c758cd16: Waiting
da8cc133ff82: Waiting
1e109dd2a0d7: Waiting
c44f27309ea1: Waiting
566e42bcee1c: Waiting
e73257427ed5: Waiting
fd674058ff8f: Waiting
bd98674871f5: Waiting
cc00c758cd16: Waiting
da8cc133ff82: Waiting
c4435314ab2c: Waiting
2b99b9c5d9e5: Waiting
2b99b9c5d9e5: Waiting
bd98674871f5: Waiting
cc00c758cd16: Waiting
da8cc133ff82: Waiting
c4435314ab2c: Waiting
fd674058ff8f: Waiting
1e109dd2a0d7: Waiting
c44f27309ea1: Waiting
566e42bcee1c: Waiting
e73257427ed5: Waiting
fd674058ff8f: Waiting
1e109dd2a0d7: Waiting
c44f27309ea1: Waiting
566e42bcee1c: Waiting
e73257427ed5: Waiting
2b99b9c5d9e5: Waiting
bd98674871f5: Waiting
cc00c758cd16: Waiting
da8cc133ff82: Waiting
c4435314ab2c: Waiting
e73257427ed5: Waiting
fd674058ff8f: Waiting
1e109dd2a0d7: Waiting
c44f27309ea1: Waiting
566e42bcee1c: Waiting
c4435314ab2c: Waiting
2b99b9c5d9e5: Waiting
bd98674871f5: Waiting
cc00c758cd16: Waiting
da8cc133ff82: Waiting
c4435314ab2c: Waiting
2b99b9c5d9e5: Waiting
bd98674871f5: Waiting
cc00c758cd16: Waiting
da8cc133ff82: Waiting
e73257427ed5: Waiting
fd674058ff8f: Waiting
1e109dd2a0d7: Waiting
c44f27309ea1: Waiting
566e42bcee1c: Waiting
c4435314ab2c: Waiting
2b99b9c5d9e5: Layer already exists
bd98674871f5: Layer already exists
cc00c758cd16: Waiting
da8cc133ff82: Layer already exists
e73257427ed5: Waiting
fd674058ff8f: Waiting
1e109dd2a0d7: Waiting
c44f27309ea1: Layer already exists
566e42bcee1c: Layer already exists
cc00c758cd16: Layer already exists
c4435314ab2c: Waiting
e73257427ed5: Layer already exists
fd674058ff8f: Layer already exists
1e109dd2a0d7: Layer already exists
c4435314ab2c: Already exists
1.0: digest: sha256:2404c043a6b3f39b1e840e414be4616e9f49a8298aa0ab5acd44321c4e0fc277 size: 856
>>> [Mon Jan 13 09:01:10 GMT 2025] Build-and-push process complete.
